%!Adobe-FontList 1.14
%Locale:0x809

%BeginFont
Handler:DirectoryHandler
FontType:Invalid
OutlineFileName:E:\Cascadia\Eventesia\Font\mfglabsiconset-webfont.eot
FileModTime:1486015148
%EndFont

%BeginFont
Handler:DirectoryHandler
FontType:Invalid
OutlineFileName:E:\Cascadia\Eventesia\Font\mfglabsiconset-webfont.svg
FileModTime:1486015148
%EndFont

%BeginFont
Handler:DirectoryHandler
FontType:TrueType
FontName:MFGLabsIconset-Regular
FamilyName:MFG Labs Iconset
StyleName:Regular
FullName:MFG Labs Iconset Regular
MenuName:MFG Labs Iconset
StyleBits:0
WritingScript:Roman
OutlineFileName:E:\Cascadia\Eventesia\Font\mfglabsiconset-webfont.ttf
DataFormat:sfntData
FileLength:55596
FileModTime:1486015148
WeightClass:400
WidthClass:5
AngleClass:0
%EndFont

%BeginFont
Handler:DirectoryHandler
FontType:Invalid
OutlineFileName:E:\Cascadia\Eventesia\Font\mfglabsiconset-webfont.woff
FileModTime:1486015148
%EndFont

%BeginFont
Handler:DirectoryHandler
FontType:Invalid
OutlineFileName:E:\Cascadia\Eventesia\Font\Simple-Line-Icons.eot
FileModTime:1486015148
%EndFont

%BeginFont
Handler:DirectoryHandler
FontType:Invalid
OutlineFileName:E:\Cascadia\Eventesia\Font\Simple-Line-Icons.svg
FileModTime:1486015148
%EndFont

%BeginFont
Handler:DirectoryHandler
FontType:TrueType
FontName:simple-line-icons
FamilyName:simple-line-icons
StyleName:line-icons
FullName:simple-line-icons
MenuName:simple-line-icons
StyleBits:0
WritingScript:Roman
OutlineFileName:E:\Cascadia\Eventesia\Font\Simple-Line-Icons.ttf
DataFormat:sfntData
FileLength:51880
FileModTime:1486015148
WeightClass:400
WidthClass:5
AngleClass:0
%EndFont

%BeginFont
Handler:DirectoryHandler
FontType:Invalid
OutlineFileName:E:\Cascadia\Eventesia\Font\Simple-Line-Icons.woff
FileModTime:1486015148
%EndFont

